# AC1 TDD red — phase 1 foundation harness e2e on unfixed mapping

Command (commit before demo `?ctaTone=head` CSS delta):

```
npx playwright test test/phase1-foundation-harness.e2e.spec.ts --reporter=line
```

Output (exit 1 — 8 passed, 1 failed):

```
Running 9 tests using 1 worker

[1/9] Phase 1 foundation harness: demo CSS delta capture › styleproof coverage ledger
[2/9] Phase 1 foundation harness: demo CSS delta capture › styleproof browser build
[3/9] Phase 1 foundation harness: demo CSS delta capture › demo-cta @ 900
styleproof: surface 1/1 (demo-cta@900) captured in 2.5s (self-check 1.1s)
[4/9] Phase 1 foundation harness: demo CSS delta head capture › styleproof coverage ledger
[5/9] Phase 1 foundation harness: demo CSS delta head capture › styleproof browser build
[6/9] Phase 1 foundation harness: demo CSS delta head capture › demo-cta @ 900
styleproof: surface 1/1 (demo-cta@900) captured in 2.3s (self-check 1.1s)
[7/9] oracle and demo contract files exist
[8/9] fail-closed: incomplete report mapping is rejected
[9/9] Phase 1: known demo CSS delta maps through capture → diff → report and real CLIs

  1) Phase 1: known demo CSS delta maps through capture → diff → report and real CLIs

    Error: expect(received).toBe(expected) // Object.is equality

    Expected: "rgb(220, 38, 38)"
    Received: "rgb(20, 184, 166)"

      108 |   expect(afterPath, 'Save button missing from head capture').toBeDefined();
      109 |   expect(beforeMap.elements[beforePath!].style['background-color']).toBe(oracle.expectedFinding.before);
    > 110 |   expect(afterMap.elements[afterPath!].style['background-color']).toBe(oracle.expectedFinding.after);
          |                                                                   ^
      111 |
      112 |   const findings = diffStyleMaps(beforeMap, afterMap);
      113 |   assertPhase1CssDiffFinding(findings, beforePath!, afterPath!, oracle);

  1 failed
    Phase 1: known demo CSS delta maps through capture → diff → report and real CLIs
  8 passed (8.0s)
```

The harness captures base/head maps but the demo fixture lacks the head-side restyle, so the mapping assertion fails before diff/report can surface the known CSS delta.
