TAP version 13
# Subtest: real map CLI keeps the custom spec from static JSON
ok 1 - real map CLI keeps the custom spec from static JSON
  ---
  duration_ms: 232.68875
  type: 'test'
  ...
# Subtest: real map CLI rejects malformed JSON before selecting a default spec
ok 2 - real map CLI rejects malformed JSON before selecting a default spec
  ---
  duration_ms: 229.902375
  type: 'test'
  ...
# Subtest: real map CLI rejects styleproof.config.ts without executing it
ok 3 - real map CLI rejects styleproof.config.ts without executing it
  ---
  duration_ms: 229.595542
  type: 'test'
  ...
# Subtest: real map CLI rejects styleproof.config.ts alongside JSON without executing it
ok 4 - real map CLI rejects styleproof.config.ts alongside JSON without executing it
  ---
  duration_ms: 233.010333
  type: 'test'
  ...
# Subtest: real map CLI rejects styleproof.config.mjs without executing it
ok 5 - real map CLI rejects styleproof.config.mjs without executing it
  ---
  duration_ms: 233.528625
  type: 'test'
  ...
# Subtest: real map CLI rejects styleproof.config.mjs alongside JSON without executing it
ok 6 - real map CLI rejects styleproof.config.mjs alongside JSON without executing it
  ---
  duration_ms: 242.883875
  type: 'test'
  ...
# Subtest: real map CLI rejects styleproof.config.js without executing it
ok 7 - real map CLI rejects styleproof.config.js without executing it
  ---
  duration_ms: 241.80925
  type: 'test'
  ...
# Subtest: real map CLI rejects styleproof.config.js alongside JSON without executing it
ok 8 - real map CLI rejects styleproof.config.js alongside JSON without executing it
  ---
  duration_ms: 238.632083
  type: 'test'
  ...
# Subtest: real map CLI lists every unsupported module config in a stable order
ok 9 - real map CLI lists every unsupported module config in a stable order
  ---
  duration_ms: 250.0375
  type: 'test'
  ...
# Subtest: fresh init does not generate unsupported module configuration
ok 10 - fresh init does not generate unsupported module configuration
  ---
  duration_ms: 157.069375
  type: 'test'
  ...
1..10
# tests 10
# suites 0
# pass 10
# fail 0
# cancelled 0
# skipped 0
# todo 0
# duration_ms 2366.043375
