TAP version 13
# Subtest: real map CLI keeps the custom spec from static JSON
not ok 1 - real map CLI keeps the custom spec from static JSON
  ---
  duration_ms: 233.260291
  type: 'test'
  location: '/private/tmp/styleproof-config-contract-before-20260910/test/config-release-contract.test.mjs:20:1'
  failureType: 'testCodeFailure'
  error: |-
    The input was expected to not match the regular expression /deprecated/. Input:
    
    'styleproof: styleproof.config.json is deprecated; migrate to styleproof.config.ts for type-safe config.\n' +
      "  Create styleproof.config.ts with: import { defineConfig } from 'styleproof'; export default defineConfig({ ... });\n" +
      'styleproof-map: no StyleProof spec at custom-proof.spec.ts\n' +
      'Next: run styleproof-init to scaffold the spec, or pass --spec <path> if your capture spec lives elsewhere.\n'
    
  code: 'ERR_ASSERTION'
  name: 'AssertionError'
  expected:
  actual: |-
    styleproof: styleproof.config.json is deprecated; migrate to styleproof.config.ts for type-safe config.
      Create styleproof.config.ts with: import { defineConfig } from 'styleproof'; export default defineConfig({ ... });
    styleproof-map: no StyleProof spec at custom-proof.spec.ts
    Next: run styleproof-init to scaffold the spec, or pass --spec <path> if your capture spec lives elsewhere.
    
  operator: 'doesNotMatch'
  stack: |-
    TestContext.<anonymous> (file:///private/tmp/styleproof-config-contract-before-20260910/test/config-release-contract.test.mjs:27:12)
    Test.runInAsyncScope (node:async_hooks:214:14)
    Test.run (node:internal/test_runner/test:1047:25)
    Test.start (node:internal/test_runner/test:944:17)
    startSubtestAfterBootstrap (node:internal/test_runner/harness:296:17)
  ...
# Subtest: real map CLI rejects malformed JSON before selecting a default spec
ok 2 - real map CLI rejects malformed JSON before selecting a default spec
  ---
  duration_ms: 229.884834
  type: 'test'
  ...
# Subtest: real map CLI rejects styleproof.config.ts without executing it
not ok 3 - real map CLI rejects styleproof.config.ts without executing it
  ---
  duration_ms: 233.884333
  type: 'test'
  location: '/private/tmp/styleproof-config-contract-before-20260910/test/config-release-contract.test.mjs:48:5'
  failureType: 'testCodeFailure'
  error: |-
    styleproof: styleproof.config.ts detected but sync loader called. Config will be loaded asynchronously by CLIs. JSON fallback used if present.
    styleproof-map: no StyleProof spec at e2e/styleproof.spec.ts
    Next: run styleproof-init to scaffold the spec, or pass --spec <path> if your capture spec lives elsewhere.
    
  code: 'ERR_ASSERTION'
  name: 'AssertionError'
  expected: true
  actual: false
  operator: '=='
  stack: |-
    TestContext.<anonymous> (file:///private/tmp/styleproof-config-contract-before-20260910/test/config-release-contract.test.mjs:61:16)
    Test.runInAsyncScope (node:async_hooks:214:14)
    Test.run (node:internal/test_runner/test:1047:25)
    Test.processPendingSubtests (node:internal/test_runner/test:744:18)
    Test.postRun (node:internal/test_runner/test:1173:19)
    Test.run (node:internal/test_runner/test:1101:12)
    async Test.processPendingSubtests (node:internal/test_runner/test:744:7)
  ...
# Subtest: real map CLI rejects styleproof.config.ts alongside JSON without executing it
not ok 4 - real map CLI rejects styleproof.config.ts alongside JSON without executing it
  ---
  duration_ms: 234.188042
  type: 'test'
  location: '/private/tmp/styleproof-config-contract-before-20260910/test/config-release-contract.test.mjs:48:5'
  failureType: 'testCodeFailure'
  error: |-
    styleproof: styleproof.config.ts detected but sync loader called. Config will be loaded asynchronously by CLIs. JSON fallback used if present.
    styleproof-map: no StyleProof spec at custom-proof.spec.ts
    Next: run styleproof-init to scaffold the spec, or pass --spec <path> if your capture spec lives elsewhere.
    
  code: 'ERR_ASSERTION'
  name: 'AssertionError'
  expected: true
  actual: false
  operator: '=='
  stack: |-
    TestContext.<anonymous> (file:///private/tmp/styleproof-config-contract-before-20260910/test/config-release-contract.test.mjs:61:16)
    Test.runInAsyncScope (node:async_hooks:214:14)
    Test.run (node:internal/test_runner/test:1047:25)
    Test.processPendingSubtests (node:internal/test_runner/test:744:18)
    Test.postRun (node:internal/test_runner/test:1173:19)
    Test.run (node:internal/test_runner/test:1101:12)
    async Test.processPendingSubtests (node:internal/test_runner/test:744:7)
  ...
# Subtest: real map CLI rejects styleproof.config.mjs without executing it
not ok 5 - real map CLI rejects styleproof.config.mjs without executing it
  ---
  duration_ms: 243.177375
  type: 'test'
  location: '/private/tmp/styleproof-config-contract-before-20260910/test/config-release-contract.test.mjs:48:5'
  failureType: 'testCodeFailure'
  error: |-
    styleproof: styleproof.config.mjs detected but sync loader called. Config will be loaded asynchronously by CLIs. JSON fallback used if present.
    styleproof-map: no StyleProof spec at e2e/styleproof.spec.ts
    Next: run styleproof-init to scaffold the spec, or pass --spec <path> if your capture spec lives elsewhere.
    
  code: 'ERR_ASSERTION'
  name: 'AssertionError'
  expected: true
  actual: false
  operator: '=='
  stack: |-
    TestContext.<anonymous> (file:///private/tmp/styleproof-config-contract-before-20260910/test/config-release-contract.test.mjs:61:16)
    Test.runInAsyncScope (node:async_hooks:214:14)
    Test.run (node:internal/test_runner/test:1047:25)
    Test.processPendingSubtests (node:internal/test_runner/test:744:18)
    Test.postRun (node:internal/test_runner/test:1173:19)
    Test.run (node:internal/test_runner/test:1101:12)
    async Test.processPendingSubtests (node:internal/test_runner/test:744:7)
  ...
# Subtest: real map CLI rejects styleproof.config.mjs alongside JSON without executing it
not ok 6 - real map CLI rejects styleproof.config.mjs alongside JSON without executing it
  ---
  duration_ms: 233.08725
  type: 'test'
  location: '/private/tmp/styleproof-config-contract-before-20260910/test/config-release-contract.test.mjs:48:5'
  failureType: 'testCodeFailure'
  error: |-
    styleproof: styleproof.config.mjs detected but sync loader called. Config will be loaded asynchronously by CLIs. JSON fallback used if present.
    styleproof-map: no StyleProof spec at custom-proof.spec.ts
    Next: run styleproof-init to scaffold the spec, or pass --spec <path> if your capture spec lives elsewhere.
    
  code: 'ERR_ASSERTION'
  name: 'AssertionError'
  expected: true
  actual: false
  operator: '=='
  stack: |-
    TestContext.<anonymous> (file:///private/tmp/styleproof-config-contract-before-20260910/test/config-release-contract.test.mjs:61:16)
    Test.runInAsyncScope (node:async_hooks:214:14)
    Test.run (node:internal/test_runner/test:1047:25)
    Test.processPendingSubtests (node:internal/test_runner/test:744:18)
    Test.postRun (node:internal/test_runner/test:1173:19)
    Test.run (node:internal/test_runner/test:1101:12)
    async Test.processPendingSubtests (node:internal/test_runner/test:744:7)
  ...
# Subtest: real map CLI rejects styleproof.config.js without executing it
not ok 7 - real map CLI rejects styleproof.config.js without executing it
  ---
  duration_ms: 249.108625
  type: 'test'
  location: '/private/tmp/styleproof-config-contract-before-20260910/test/config-release-contract.test.mjs:48:5'
  failureType: 'testCodeFailure'
  error: |-
    styleproof: styleproof.config.js detected but sync loader called. Config will be loaded asynchronously by CLIs. JSON fallback used if present.
    styleproof-map: no StyleProof spec at e2e/styleproof.spec.ts
    Next: run styleproof-init to scaffold the spec, or pass --spec <path> if your capture spec lives elsewhere.
    
  code: 'ERR_ASSERTION'
  name: 'AssertionError'
  expected: true
  actual: false
  operator: '=='
  stack: |-
    TestContext.<anonymous> (file:///private/tmp/styleproof-config-contract-before-20260910/test/config-release-contract.test.mjs:61:16)
    Test.runInAsyncScope (node:async_hooks:214:14)
    Test.run (node:internal/test_runner/test:1047:25)
    Test.processPendingSubtests (node:internal/test_runner/test:744:18)
    Test.postRun (node:internal/test_runner/test:1173:19)
    Test.run (node:internal/test_runner/test:1101:12)
    async Test.processPendingSubtests (node:internal/test_runner/test:744:7)
  ...
# Subtest: real map CLI rejects styleproof.config.js alongside JSON without executing it
not ok 8 - real map CLI rejects styleproof.config.js alongside JSON without executing it
  ---
  duration_ms: 246.702875
  type: 'test'
  location: '/private/tmp/styleproof-config-contract-before-20260910/test/config-release-contract.test.mjs:48:5'
  failureType: 'testCodeFailure'
  error: |-
    styleproof: styleproof.config.js detected but sync loader called. Config will be loaded asynchronously by CLIs. JSON fallback used if present.
    styleproof-map: no StyleProof spec at custom-proof.spec.ts
    Next: run styleproof-init to scaffold the spec, or pass --spec <path> if your capture spec lives elsewhere.
    
  code: 'ERR_ASSERTION'
  name: 'AssertionError'
  expected: true
  actual: false
  operator: '=='
  stack: |-
    TestContext.<anonymous> (file:///private/tmp/styleproof-config-contract-before-20260910/test/config-release-contract.test.mjs:61:16)
    Test.runInAsyncScope (node:async_hooks:214:14)
    Test.run (node:internal/test_runner/test:1047:25)
    Test.processPendingSubtests (node:internal/test_runner/test:744:18)
    Test.postRun (node:internal/test_runner/test:1173:19)
    Test.run (node:internal/test_runner/test:1101:12)
    async Test.processPendingSubtests (node:internal/test_runner/test:744:7)
  ...
# Subtest: real map CLI lists every unsupported module config in a stable order
not ok 9 - real map CLI lists every unsupported module config in a stable order
  ---
  duration_ms: 240.844166
  type: 'test'
  location: '/private/tmp/styleproof-config-contract-before-20260910/test/config-release-contract.test.mjs:73:1'
  failureType: 'testCodeFailure'
  error: |-
    styleproof: styleproof.config.ts detected but sync loader called. Config will be loaded asynchronously by CLIs. JSON fallback used if present.
    styleproof-map: no StyleProof spec at e2e/styleproof.spec.ts
    Next: run styleproof-init to scaffold the spec, or pass --spec <path> if your capture spec lives elsewhere.
    
  code: 'ERR_ASSERTION'
  name: 'AssertionError'
  expected: true
  actual: false
  operator: '=='
  stack: |-
    TestContext.<anonymous> (file:///private/tmp/styleproof-config-contract-before-20260910/test/config-release-contract.test.mjs:80:12)
    Test.runInAsyncScope (node:async_hooks:214:14)
    Test.run (node:internal/test_runner/test:1047:25)
    Test.processPendingSubtests (node:internal/test_runner/test:744:18)
    Test.postRun (node:internal/test_runner/test:1173:19)
    Test.run (node:internal/test_runner/test:1101:12)
    async Test.processPendingSubtests (node:internal/test_runner/test:744:7)
  ...
# Subtest: fresh init does not generate unsupported module configuration
not ok 10 - fresh init does not generate unsupported module configuration
  ---
  duration_ms: 147.715125
  type: 'test'
  location: '/private/tmp/styleproof-config-contract-before-20260910/test/config-release-contract.test.mjs:89:1'
  failureType: 'testCodeFailure'
  error: |-
    styleproof.config.ts
    
    true !== false
    
  code: 'ERR_ASSERTION'
  name: 'AssertionError'
  expected: false
  actual: true
  operator: 'strictEqual'
  stack: |-
    TestContext.<anonymous> (file:///private/tmp/styleproof-config-contract-before-20260910/test/config-release-contract.test.mjs:99:48)
    Test.runInAsyncScope (node:async_hooks:214:14)
    Test.run (node:internal/test_runner/test:1047:25)
    Test.processPendingSubtests (node:internal/test_runner/test:744:18)
    Test.postRun (node:internal/test_runner/test:1173:19)
    Test.run (node:internal/test_runner/test:1101:12)
    async Test.processPendingSubtests (node:internal/test_runner/test:744:7)
  ...
1..10
# tests 10
# suites 0
# pass 1
# fail 9
# cancelled 0
# skipped 0
# todo 0
# duration_ms 2366.49375
