
Running 20 tests using 4 workers

(node:67929) Warning: The 'NO_COLOR' env is ignored due to the 'FORCE_COLOR' env being set.
(Use `node --trace-warnings ...` to show where the warning was created)
(node:67927) Warning: The 'NO_COLOR' env is ignored due to the 'FORCE_COLOR' env being set.
(Use `node --trace-warnings ...` to show where the warning was created)
(node:67930) Warning: The 'NO_COLOR' env is ignored due to the 'FORCE_COLOR' env being set.
(Use `node --trace-warnings ...` to show where the warning was created)
(node:67931) Warning: The 'NO_COLOR' env is ignored due to the 'FORCE_COLOR' env being set.
(Use `node --trace-warnings ...` to show where the warning was created)
  ✓   3 [chromium] › test/state-recipes.e2e.spec.ts:233:1 › state recipes: transient observation requires continuous visibility and emits privacy-safe diagnostics (1.3s)
  ✓   4 [chromium] › test/state-recipes.e2e.spec.ts:233:1 › state recipes: transient observation requires continuous visibility and emits privacy-safe diagnostics (1.3s)
  ✓   1 [chromium] › test/state-recipes.e2e.spec.ts:233:1 › state recipes: transient observation requires continuous visibility and emits privacy-safe diagnostics (1.5s)
  ✓   2 [chromium] › test/state-recipes.e2e.spec.ts:233:1 › state recipes: transient observation requires continuous visibility and emits privacy-safe diagnostics (1.5s)
(node:67959) Warning: The 'NO_COLOR' env is ignored due to the 'FORCE_COLOR' env being set.
(Use `node --trace-warnings ...` to show where the warning was created)
(node:67958) Warning: The 'NO_COLOR' env is ignored due to the 'FORCE_COLOR' env being set.
(Use `node --trace-warnings ...` to show where the warning was created)
(node:67960) Warning: The 'NO_COLOR' env is ignored due to the 'FORCE_COLOR' env being set.
(Use `node --trace-warnings ...` to show where the warning was created)
(node:67961) Warning: The 'NO_COLOR' env is ignored due to the 'FORCE_COLOR' env being set.
(Use `node --trace-warnings ...` to show where the warning was created)
  ✓   6 [chromium] › test/state-recipes.e2e.spec.ts:233:1 › state recipes: transient observation requires continuous visibility and emits privacy-safe diagnostics (1.5s)
  ✓   5 [chromium] › test/state-recipes.e2e.spec.ts:233:1 › state recipes: transient observation requires continuous visibility and emits privacy-safe diagnostics (1.5s)
  ✓   8 [chromium] › test/state-recipes.e2e.spec.ts:233:1 › state recipes: transient observation requires continuous visibility and emits privacy-safe diagnostics (1.4s)
  ✓   7 [chromium] › test/state-recipes.e2e.spec.ts:233:1 › state recipes: transient observation requires continuous visibility and emits privacy-safe diagnostics (1.4s)
(node:67992) Warning: The 'NO_COLOR' env is ignored due to the 'FORCE_COLOR' env being set.
(Use `node --trace-warnings ...` to show where the warning was created)
(node:67993) Warning: The 'NO_COLOR' env is ignored due to the 'FORCE_COLOR' env being set.
(Use `node --trace-warnings ...` to show where the warning was created)
(node:68012) Warning: The 'NO_COLOR' env is ignored due to the 'FORCE_COLOR' env being set.
(Use `node --trace-warnings ...` to show where the warning was created)
(node:68013) Warning: The 'NO_COLOR' env is ignored due to the 'FORCE_COLOR' env being set.
(Use `node --trace-warnings ...` to show where the warning was created)
  ✓   9 [chromium] › test/state-recipes.e2e.spec.ts:233:1 › state recipes: transient observation requires continuous visibility and emits privacy-safe diagnostics (1.3s)
  ✓  10 [chromium] › test/state-recipes.e2e.spec.ts:233:1 › state recipes: transient observation requires continuous visibility and emits privacy-safe diagnostics (1.3s)
  ✓  12 [chromium] › test/state-recipes.e2e.spec.ts:233:1 › state recipes: transient observation requires continuous visibility and emits privacy-safe diagnostics (1.3s)
  ✓  11 [chromium] › test/state-recipes.e2e.spec.ts:233:1 › state recipes: transient observation requires continuous visibility and emits privacy-safe diagnostics (1.3s)
(node:68077) Warning: The 'NO_COLOR' env is ignored due to the 'FORCE_COLOR' env being set.
(Use `node --trace-warnings ...` to show where the warning was created)
(node:68076) Warning: The 'NO_COLOR' env is ignored due to the 'FORCE_COLOR' env being set.
(Use `node --trace-warnings ...` to show where the warning was created)
(node:68081) Warning: The 'NO_COLOR' env is ignored due to the 'FORCE_COLOR' env being set.
(Use `node --trace-warnings ...` to show where the warning was created)
(node:68080) Warning: The 'NO_COLOR' env is ignored due to the 'FORCE_COLOR' env being set.
(Use `node --trace-warnings ...` to show where the warning was created)
  ✓  13 [chromium] › test/state-recipes.e2e.spec.ts:233:1 › state recipes: transient observation requires continuous visibility and emits privacy-safe diagnostics (1.4s)
  ✓  14 [chromium] › test/state-recipes.e2e.spec.ts:233:1 › state recipes: transient observation requires continuous visibility and emits privacy-safe diagnostics (1.5s)
  ✓  15 [chromium] › test/state-recipes.e2e.spec.ts:233:1 › state recipes: transient observation requires continuous visibility and emits privacy-safe diagnostics (1.4s)
  ✓  16 [chromium] › test/state-recipes.e2e.spec.ts:233:1 › state recipes: transient observation requires continuous visibility and emits privacy-safe diagnostics (1.4s)
(node:68168) Warning: The 'NO_COLOR' env is ignored due to the 'FORCE_COLOR' env being set.
(Use `node --trace-warnings ...` to show where the warning was created)
(node:68169) Warning: The 'NO_COLOR' env is ignored due to the 'FORCE_COLOR' env being set.
(Use `node --trace-warnings ...` to show where the warning was created)
(node:68170) Warning: The 'NO_COLOR' env is ignored due to the 'FORCE_COLOR' env being set.
(Use `node --trace-warnings ...` to show where the warning was created)
(node:68171) Warning: The 'NO_COLOR' env is ignored due to the 'FORCE_COLOR' env being set.
(Use `node --trace-warnings ...` to show where the warning was created)
  ✓  17 [chromium] › test/state-recipes.e2e.spec.ts:233:1 › state recipes: transient observation requires continuous visibility and emits privacy-safe diagnostics (1.4s)
  ✓  18 [chromium] › test/state-recipes.e2e.spec.ts:233:1 › state recipes: transient observation requires continuous visibility and emits privacy-safe diagnostics (1.4s)
  ✓  20 [chromium] › test/state-recipes.e2e.spec.ts:233:1 › state recipes: transient observation requires continuous visibility and emits privacy-safe diagnostics (1.4s)
  ✓  19 [chromium] › test/state-recipes.e2e.spec.ts:233:1 › state recipes: transient observation requires continuous visibility and emits privacy-safe diagnostics (1.4s)

  20 passed (9.9s)
