# AC1 TDD red — phase 1 structure harness e2e on unfixed mapping

Command (commit before demo `?structure=head` DOM delta):

```
npx playwright test test/phase1-structure-harness.e2e.spec.ts --reporter=line
```

Output (exit 1 — 8 passed, 1 failed):

```
Running 9 tests using 1 worker

[1/9] Phase 1 structure harness: demo structure base capture › styleproof coverage ledger
[2/9] Phase 1 structure harness: demo structure base capture › styleproof browser build
[3/9] Phase 1 structure harness: demo structure base capture › demo-structure @ 900
styleproof: surface 1/1 (demo-structure@900) captured in 2.5s (self-check 1.1s)
[4/9] Phase 1 structure harness: demo structure head capture › styleproof coverage ledger
[5/9] Phase 1 structure harness: demo structure head capture › styleproof browser build
[6/9] Phase 1 structure harness: demo structure head capture › demo-structure @ 900
styleproof: surface 1/1 (demo-structure@900) captured in 2.4s (self-check 1.1s)
[7/9] oracle and demo contract files exist
[8/9] fail-closed: incomplete structure report mapping is rejected
[9/9] Phase 1: known demo structure delta maps through capture → diff → report and real CLIs

  1) Phase 1: known demo structure delta maps through capture → diff → report and real CLIs

    Error: structure callout missing from head capture

    expect(received).toBeDefined()

    Received: undefined

      107 |
      108 |   expect(beforePath, 'structure callout must be absent from base capture').toBeUndefined();
    > 109 |   expect(afterPath, 'structure callout missing from head capture').toBeDefined();
          |                                                                    ^
      110 |
      111 |   const changes = diffContentMaps(beforeMap, afterMap);
      112 |   assertPhase1StructureContentFinding(changes, afterPath!, oracle);

  1 failed
    [chromium] › test/phase1-structure-harness.e2e.spec.ts:97:1 › Phase 1: known demo structure delta maps through capture → diff → report and real CLIs
  8 passed (7.8s)
```
